// Jest Snapshot v1, https://goo.gl/fbAQLP

exports[`Alert renders correctly 1`] = `
<div>
  <div
    class="alert"
    data-testid="alert"
  >
    Test message
  </div>
</div>
`;
